// Jest Snapshot v1, https://goo.gl/fbAQLP

exports[`renders correctly 1`] = `
<View
  onLayout={[Function]}
  style={
    Array [
      Object {
        "flex": 1,
      },
    ]
  }
>
  <View
    onMoveShouldSetResponder={[Function]}
    onMoveShouldSetResponderCapture={[Function]}
    onResponderEnd={[Function]}
    onResponderGrant={[Function]}
    onResponderMove={[Function]}
    onResponderReject={[Function]}
    onResponderRelease={[Function]}
    onResponderStart={[Function]}
    onResponderTerminate={[Function]}
    onResponderTerminationRequest={[Function]}
    onStartShouldSetResponder={[Function]}
    onStartShouldSetResponderCapture={[Function]}
    style={
      Array [
        Object {
          "flex": 1,
          "flexDirection": "column-reverse",
        },
        Object {
          "backgroundColor": "#000",
        },
      ]
    }
  >
    <View
      style={
        Object {
          "flex": 1,
        }
      }
    >
      <View
        collapsable={undefined}
        pointerEvents="auto"
        style={
          Object {
            "backgroundColor": "#E9E9EF",
            "bottom": 0,
            "left": 0,
            "opacity": 1,
            "position": "absolute",
            "right": 0,
            "shadowColor": "black",
            "shadowOffset": Object {
              "height": 0,
              "width": 0,
            },
            "shadowOpacity": 0.2,
            "shadowRadius": 5,
            "top": 0,
            "transform": Array [
              Object {
                "translateX": 0,
              },
              Object {
                "translateY": 0,
              },
            ],
          }
        }
      >
        <View
          style={
            Array [
              Object {
                "backgroundColor": "transparent",
                "position": "relative",
              },
              Object {
                "height": 1334,
                "width": 750,
              },
            ]
          }
        >
          <RCTScrollView
            automaticallyAdjustContentInsets={false}
            bounces={false}
            contentContainerStyle={
              Array [
                Object {},
                undefined,
              ]
            }
            horizontal={true}
            index={0}
            onMomentumScrollEnd={[Function]}
            onScrollBeginDrag={[Function]}
            onScrollEndDrag={[Function]}
            pagingEnabled={true}
            removeClippedSubviews={true}
            scrollsToTop={false}
            showsHorizontalScrollIndicator={false}
            showsVerticalScrollIndicator={false}
          >
            <View>
              <View
                style={
                  Array [
                    Object {
                      "height": 1334,
                      "width": 750,
                    },
                    Object {
                      "backgroundColor": "transparent",
                    },
                  ]
                }
              >
                <View
                  style={
                    Array [
                      Object {
                        "alignItems": "center",
                        "flex": 1,
                        "justifyContent": "center",
                      },
                      Object {
                        "backgroundColor": "#0080EE",
                      },
                    ]
                  }
                >
                  <Text
                    accessible={true}
                    allowFontScaling={false}
                    ellipsizeMode="tail"
                    style={
                      Array [
                        Object {
                          "color": undefined,
                          "fontSize": 12,
                        },
                        Object {
                          "color": "#FFFFFF",
                          "fontSize": 150,
                          "padding": 10,
                        },
                        Object {
                          "fontFamily": "FontAwesome",
                          "fontStyle": "normal",
                          "fontWeight": "normal",
                        },
                      ]
                    }
                  >
                    
                  </Text>
                  <Text
                    accessible={true}
                    allowFontScaling={true}
                    ellipsizeMode="tail"
                    style={
                      Object {
                        "color": "#FFFFFF",
                        "fontSize": 25,
                        "fontWeight": "bold",
                        "marginVertical": 15,
                      }
                    }
                  >
                    Build
                  </Text>
                  <Text
                    accessible={true}
                    allowFontScaling={true}
                    ellipsizeMode="tail"
                    style={
                      Object {
                        "color": "#FFFFFF",
                        "fontSize": 15,
                        "marginHorizontal": 40,
                        "textAlign": "center",
                      }
                    }
                  >
                    Business analysts can model workflows utilizing an intuitive drag-and-drop interface.
                  </Text>
                </View>
              </View>
              <View
                style={
                  Array [
                    Object {
                      "height": 1334,
                      "width": 750,
                    },
                    Object {
                      "backgroundColor": "transparent",
                    },
                  ]
                }
              >
                <View
                  style={
                    Array [
                      Object {
                        "alignItems": "center",
                        "flex": 1,
                        "justifyContent": "center",
                      },
                      Object {
                        "backgroundColor": "#0080EE",
                      },
                    ]
                  }
                >
                  <Text
                    accessible={true}
                    allowFontScaling={false}
                    ellipsizeMode="tail"
                    style={
                      Array [
                        Object {
                          "color": undefined,
                          "fontSize": 12,
                        },
                        Object {
                          "color": "#FFFFFF",
                          "fontSize": 150,
                          "padding": 10,
                        },
                        Object {
                          "fontFamily": "FontAwesome",
                          "fontStyle": "normal",
                          "fontWeight": "normal",
                        },
                      ]
                    }
                  >
                    
                  </Text>
                  <Text
                    accessible={true}
                    allowFontScaling={true}
                    ellipsizeMode="tail"
                    style={
                      Object {
                        "color": "#FFFFFF",
                        "fontSize": 25,
                        "fontWeight": "bold",
                        "marginVertical": 15,
                      }
                    }
                  >
                    Run
                  </Text>
                  <Text
                    accessible={true}
                    allowFontScaling={true}
                    ellipsizeMode="tail"
                    style={
                      Object {
                        "color": "#FFFFFF",
                        "fontSize": 15,
                        "marginHorizontal": 40,
                        "textAlign": "center",
                      }
                    }
                  >
                    Automated notifications and a web-based interface mean business users can easily interact with your form-driven processes.
                  </Text>
                </View>
              </View>
              <View
                style={
                  Array [
                    Object {
                      "height": 1334,
                      "width": 750,
                    },
                    Object {
                      "backgroundColor": "transparent",
                    },
                  ]
                }
              >
                <View
                  style={
                    Array [
                      Object {
                        "alignItems": "center",
                        "flex": 1,
                        "justifyContent": "center",
                      },
                      Object {
                        "backgroundColor": "#0080EE",
                      },
                    ]
                  }
                >
                  <Text
                    accessible={true}
                    allowFontScaling={false}
                    ellipsizeMode="tail"
                    style={
                      Array [
                        Object {
                          "color": undefined,
                          "fontSize": 12,
                        },
                        Object {
                          "color": "#FFFFFF",
                          "fontSize": 150,
                          "padding": 10,
                        },
                        Object {
                          "fontFamily": "FontAwesome",
                          "fontStyle": "normal",
                          "fontWeight": "normal",
                        },
                      ]
                    }
                  >
                    
                  </Text>
                  <Text
                    accessible={true}
                    allowFontScaling={true}
                    ellipsizeMode="tail"
                    style={
                      Object {
                        "color": "#FFFFFF",
                        "fontSize": 25,
                        "fontWeight": "bold",
                        "marginVertical": 15,
                      }
                    }
                  >
                    Report
                  </Text>
                  <Text
                    accessible={true}
                    allowFontScaling={true}
                    ellipsizeMode="tail"
                    style={
                      Object {
                        "color": "#FFFFFF",
                        "fontSize": 15,
                        "marginHorizontal": 40,
                        "textAlign": "center",
                      }
                    }
                  >
                    Managers receive KPIs and metrics thanks to reports and dashboards through our business intelligence tool.
                  </Text>
                </View>
              </View>
              <View
                style={
                  Array [
                    Object {
                      "height": 1334,
                      "width": 750,
                    },
                    Object {
                      "backgroundColor": "transparent",
                    },
                  ]
                }
              >
                <View
                  style={
                    Array [
                      Object {
                        "alignItems": "center",
                        "flex": 1,
                        "justifyContent": "center",
                      },
                      Object {
                        "backgroundColor": "#0080EE",
                      },
                    ]
                  }
                >
                  <Text
                    accessible={true}
                    allowFontScaling={false}
                    ellipsizeMode="tail"
                    style={
                      Array [
                        Object {
                          "color": undefined,
                          "fontSize": 12,
                        },
                        Object {
                          "color": "#FFFFFF",
                          "fontSize": 150,
                          "padding": 10,
                        },
                        Object {
                          "fontFamily": "FontAwesome",
                          "fontStyle": "normal",
                          "fontWeight": "normal",
                        },
                      ]
                    }
                  >
                    
                  </Text>
                  <Text
                    accessible={true}
                    allowFontScaling={true}
                    ellipsizeMode="tail"
                    style={
                      Object {
                        "color": "#FFFFFF",
                        "fontSize": 25,
                        "fontWeight": "bold",
                        "marginVertical": 15,
                      }
                    }
                  >
                    Optimize
                  </Text>
                  <Text
                    accessible={true}
                    allowFontScaling={true}
                    ellipsizeMode="tail"
                    style={
                      Object {
                        "color": "#FFFFFF",
                        "fontSize": 15,
                        "marginHorizontal": 40,
                        "textAlign": "center",
                      }
                    }
                  >
                    Improve workflow performance by discovering and analyzing process inefficiencies and bottlenecks.
                  </Text>
                </View>
              </View>
            </View>
          </RCTScrollView>
          <View
            pointerEvents="none"
            style={
              Array [
                Object {
                  "alignItems": "flex-end",
                  "backgroundColor": "transparent",
                  "bottom": 110,
                  "flex": 1,
                  "flexDirection": "row",
                  "justifyContent": "center",
                  "left": 0,
                  "position": "absolute",
                  "right": 0,
                },
                Object {
                  "height": 1334,
                  "width": 750,
                },
              ]
            }
          >
            <View
              style={
                Array [
                  Object {
                    "backgroundColor": "rgba(0,0,0,.25)",
                    "borderRadius": 4,
                    "height": 8,
                    "marginBottom": 3,
                    "marginLeft": 3,
                    "marginRight": 3,
                    "marginTop": 3,
                    "width": 8,
                  },
                  Object {
                    "backgroundColor": "#FFFFFF",
                  },
                ]
              }
            />
            <View
              style={
                Object {
                  "backgroundColor": "rgba(0,0,0,.25)",
                  "borderRadius": 4,
                  "height": 8,
                  "marginBottom": 3,
                  "marginLeft": 3,
                  "marginRight": 3,
                  "marginTop": 3,
                  "width": 8,
                }
              }
            />
            <View
              style={
                Object {
                  "backgroundColor": "rgba(0,0,0,.25)",
                  "borderRadius": 4,
                  "height": 8,
                  "marginBottom": 3,
                  "marginLeft": 3,
                  "marginRight": 3,
                  "marginTop": 3,
                  "width": 8,
                }
              }
            />
            <View
              style={
                Object {
                  "backgroundColor": "rgba(0,0,0,.25)",
                  "borderRadius": 4,
                  "height": 8,
                  "marginBottom": 3,
                  "marginLeft": 3,
                  "marginRight": 3,
                  "marginTop": 3,
                  "width": 8,
                }
              }
            />
          </View>
          <View
            pointerEvents="box-none"
            style={
              Array [
                Object {
                  "alignItems": "center",
                  "backgroundColor": "transparent",
                  "bottom": 0,
                  "flex": 1,
                  "flexDirection": "column",
                  "justifyContent": "flex-end",
                  "left": 0,
                  "paddingHorizontal": 10,
                  "paddingVertical": 40,
                  "position": "absolute",
                },
                Object {
                  "height": 1334,
                  "width": 750,
                },
              ]
            }
          >
            <View
              accessibilityComponentType={undefined}
              accessibilityLabel={undefined}
              accessibilityTraits={undefined}
              accessible={true}
              collapsable={undefined}
              hitSlop={undefined}
              isTVSelectable={true}
              nativeID={undefined}
              onLayout={undefined}
              onResponderGrant={[Function]}
              onResponderMove={[Function]}
              onResponderRelease={[Function]}
              onResponderTerminate={[Function]}
              onResponderTerminationRequest={[Function]}
              onStartShouldSetResponder={[Function]}
              style={
                Object {
                  "opacity": 1,
                }
              }
              testID={undefined}
              tvParallaxProperties={undefined}
            >
              <View
                style={
                  Object {
                    "borderColor": "#FFFFFF",
                    "borderRadius": 50,
                    "borderWidth": 2,
                    "paddingHorizontal": 50,
                    "paddingVertical": 10,
                  }
                }
              >
                <Text
                  accessible={true}
                  allowFontScaling={true}
                  ellipsizeMode="tail"
                  style={
                    Object {
                      "color": "#FFFFFF",
                      "fontWeight": "bold",
                    }
                  }
                >
                  CONTINUE
                </Text>
              </View>
            </View>
          </View>
        </View>
      </View>
    </View>
  </View>
</View>
`;
